Copyright 1986-2017 Xilinx, Inc. All Rights Reserved.
-------------------------------------------------------------------------------------------
| Tool Version : Vivado v.2017.4 (lin64) Build 2086221 Fri Dec 15 20:54:30 MST 2017
| Date         : Fri May 11 19:06:46 2018
| Host         : quartus running 64-bit Debian GNU/Linux 9.4 (stretch)
| Command      : report_control_sets -verbose -file mse_mandelbrot_control_sets_placed.rpt
| Design       : mse_mandelbrot
| Device       : xc7a200t
-------------------------------------------------------------------------------------------

Control Set Information

Table of Contents
-----------------
1. Summary
2. Flip-Flop Distribution
3. Detailed Control Set Information

1. Summary
----------

+----------------------------------------------------------+-------+
|                          Status                          | Count |
+----------------------------------------------------------+-------+
| Number of unique control sets                            |     4 |
| Unused register locations in slices containing registers |     6 |
+----------------------------------------------------------+-------+


2. Flip-Flop Distribution
-------------------------

+--------------+-----------------------+------------------------+-----------------+--------------+
| Clock Enable | Synchronous Set/Reset | Asynchronous Set/Reset | Total Registers | Total Slices |
+--------------+-----------------------+------------------------+-----------------+--------------+
| No           | No                    | No                     |              20 |           10 |
| No           | No                    | Yes                    |              23 |            9 |
| No           | Yes                   | No                     |              15 |           11 |
| Yes          | No                    | No                     |               0 |            0 |
| Yes          | No                    | Yes                    |              16 |            5 |
| Yes          | Yes                   | No                     |               0 |            0 |
+--------------+-----------------------+------------------------+-----------------+--------------+


3. Detailed Control Set Information
-----------------------------------

+-----------------------------------------------------------------+----------------------------------------+-------------------------------------------------------+------------------+----------------+
|                           Clock Signal                          |              Enable Signal             |                    Set/Reset Signal                   | Slice Load Count | Bel Load Count |
+-----------------------------------------------------------------+----------------------------------------+-------------------------------------------------------+------------------+----------------+
|  HdmixI/ClkVgaHdmi1024x600xG.ClkVgaHdmi1024x600xI/inst/ClkVgaxC |                                        | HdmixI/VgaxI/VgaControlerxI/TmdsEncodedDataxDO_reg[2] |               11 |             15 |
|  HdmixI/ClkVgaHdmi1024x600xG.ClkVgaHdmi1024x600xI/inst/ClkVgaxC | HdmixI/VgaxI/VgaControlerxI/VCountxD_1 | HdmixI/VgaxI/VgaControlerxI/AR[0]                     |                5 |             16 |
|  HdmixI/ClkVgaHdmi1024x600xG.ClkVgaHdmi1024x600xI/inst/ClkVgaxC |                                        |                                                       |               10 |             20 |
|  HdmixI/ClkVgaHdmi1024x600xG.ClkVgaHdmi1024x600xI/inst/ClkVgaxC |                                        | HdmixI/VgaxI/VgaControlerxI/AR[0]                     |                9 |             23 |
+-----------------------------------------------------------------+----------------------------------------+-------------------------------------------------------+------------------+----------------+


+--------+-----------------------+
| Fanout | Number of ControlSets |
+--------+-----------------------+
| 15     |                     1 |
| 16+    |                     3 |
+--------+-----------------------+


